.next/types/app/api/test-reddit/route.ts(2,24): error TS2307: Cannot find module '../../../../../src/app/api/test-reddit/route.js' or its corresponding type declarations.
.next/types/app/api/test-reddit/route.ts(7,29): error TS2307: Cannot find module '../../../../../src/app/api/test-reddit/route.js' or its corresponding type declarations.
.next/types/validator.ts(1227,39): error TS2307: Cannot find module '../../src/app/api/test-reddit/route.js' or its corresponding type declarations.
clear-pylon-error.ts(1,10): error TS2305: Module '"@prisma/client"' has no exported member 'PrismaClient'.
get-errors.ts(1,24): error TS5097: An import path can only end with a '.ts' extension when 'allowImportingTsExtensions' is enabled.
get.ts(1,30): error TS5097: An import path can only end with a '.ts' extension when 'allowImportingTsExtensions' is enabled.
get.ts(6,18): error TS2554: Expected 1 arguments, but got 0.
src/components/analytics/demo-attribution-view.tsx(8,7): error TS2741: Property 'unknown' is missing in type '{ completed: string; "no-show": string; rescheduled: string; pending: string; }' but required in type 'Record<DemoOutcome, string>'.
src/components/analytics/demo-scheduling-view.tsx(7,7): error TS2741: Property 'unknown' is missing in type '{ completed: { label: string; color: string; icon: ForwardRefExoticComponent<Omit<LucideProps, "ref"> & RefAttributes<SVGSVGElement>>; }; "no-show": { ...; }; rescheduled: { ...; }; pending: { ...; }; }' but required in type 'Record<DemoOutcome, { label: string; color: string; icon: ForwardRefExoticComponent<Omit<LucideProps, "ref"> & RefAttributes<SVGSVGElement>>; }>'.
src/components/analytics/finance-tabs.test.tsx(115,7): error TS2741: Property 'dealsByRep' is missing in type '{ totalDeals: number; closedWon: number; closedLost: number; unlikely: number; churn: number; activeSubscriptions: number; noShows: number; demoScheduled: number; demoFollowUp: number; avgDealSize: number; ... 4 more ...; dealsBySource: never[]; }' but required in type 'FunnelMetrics'.
src/components/analytics/marketing-tab-new.tsx(260,45): error TS2339: Property 'totalConversions' does not exist on type 'RedditAdsData'.
src/components/analytics/marketing-tab-new.tsx(292,30): error TS2339: Property 'totalConversions' does not exist on type 'RedditAdsData'.
src/components/analytics/marketing-tab-new.tsx(294,36): error TS2339: Property 'cpa' does not exist on type 'RedditAdsData'.
src/components/settings/integrations-tab.tsx(685,15): error TS2322: Type '{ key: IntegrationSlug; item: IntegrationItem; isExpanded: boolean; onToggleExpand: () => void; attentionCount: number; loadingProviderAction: string | null; ... 22 more ...; onRunHubspotDrift: () => Promise<...>; }' is not assignable to type 'IntrinsicAttributes & ProviderCardProps'.
  Property 'semrushToken' does not exist on type 'IntrinsicAttributes & ProviderCardProps'.
src/lib/__tests__/analytics-ai-insights.test.ts(8,3): error TS2741: Property 'instagram' is missing in type '{ hubspot: null; stripe: null; mercury: null; googleAnalytics: null; googleAds: null; metaAds: null; metaPage: null; redditAds: null; webflow: null; coda: null; semrush: null; pylon: null; product: null; ... 17 more ...; errors: never[]; }' but required in type 'AnalyticsDashboardData'.
src/lib/__tests__/analytics-ai-insights.test.ts(169,11): error TS2739: Type '{ source: string; count: number; value: number; }' is missing the following properties from type 'DealsBySource': closedWon, followUpNeeded, churned
src/lib/__tests__/analytics-ai-insights.test.ts(170,11): error TS2739: Type '{ source: string; count: number; value: number; }' is missing the following properties from type 'DealsBySource': closedWon, followUpNeeded, churned
src/lib/__tests__/analytics-ai-insights.test.ts(508,5): error TS2322: Type '{ funnel: { totalDeals: number; closedWon: number; closedLost: number; unlikely: number; churn: number; activeSubscriptions: number; noShows: number; demoScheduled: number; demoFollowUp: number; ... 6 more ...; dealsByRep?: DealsByRep[] | undefined; }; contacts: { ...; }; _meta: { ...; }; }' is not assignable to type 'HubSpotData'.
  The types of 'funnel.dealsBySource' are incompatible between these types.
    Type 'DealsBySource[] | { source: string; count: number; value: number; }[]' is not assignable to type 'DealsBySource[]'.
      Type '{ source: string; count: number; value: number; }[]' is not assignable to type 'DealsBySource[]'.
        Type '{ source: string; count: number; value: number; }' is missing the following properties from type 'DealsBySource': closedWon, followUpNeeded, churned
src/lib/__tests__/analytics-ai-insights.test.ts(518,5): error TS2322: Type '{ funnel: { totalDeals: number; closedWon: number; closedLost: number; unlikely: number; churn: number; activeSubscriptions: number; noShows: number; demoScheduled: number; demoFollowUp: number; ... 6 more ...; dealsByRep?: DealsByRep[] | undefined; }; contacts: { ...; }; _meta: { ...; }; }' is not assignable to type 'HubSpotData'.
  The types of 'funnel.dealsBySource' are incompatible between these types.
    Type 'DealsBySource[] | { source: string; count: number; value: number; }[]' is not assignable to type 'DealsBySource[]'.
      Type '{ source: string; count: number; value: number; }[]' is not assignable to type 'DealsBySource[]'.
        Type '{ source: string; count: number; value: number; }' is missing the following properties from type 'DealsBySource': closedWon, followUpNeeded, churned
src/lib/__tests__/analytics-ai-insights.test.ts(526,5): error TS2322: Type '{ funnel: { totalDeals: number; closedWon: number; closedLost: number; unlikely: number; churn: number; activeSubscriptions: number; noShows: number; demoScheduled: number; demoFollowUp: number; ... 6 more ...; dealsByRep?: DealsByRep[] | undefined; }; contacts: { ...; }; _meta: { ...; }; }' is not assignable to type 'HubSpotData'.
  The types of 'funnel.dealsBySource' are incompatible between these types.
    Type 'DealsBySource[] | { source: string; count: number; value: number; }[]' is not assignable to type 'DealsBySource[]'.
      Type '{ source: string; count: number; value: number; }[]' is not assignable to type 'DealsBySource[]'.
        Type '{ source: string; count: number; value: number; }' is missing the following properties from type 'DealsBySource': closedWon, followUpNeeded, churned
src/lib/__tests__/analytics-ai-insights.test.ts(543,5): error TS2322: Type '{ funnel: { totalDeals: number; closedWon: number; closedLost: number; unlikely: number; churn: number; activeSubscriptions: number; noShows: number; demoScheduled: number; demoFollowUp: number; ... 6 more ...; dealsByRep?: DealsByRep[] | undefined; }; contacts: { ...; }; _meta: { ...; }; }' is not assignable to type 'HubSpotData'.
  The types of 'funnel.dealsBySource' are incompatible between these types.
    Type 'DealsBySource[] | { source: string; count: number; value: number; }[]' is not assignable to type 'DealsBySource[]'.
      Type '{ source: string; count: number; value: number; }[]' is not assignable to type 'DealsBySource[]'.
        Type '{ source: string; count: number; value: number; }' is missing the following properties from type 'DealsBySource': closedWon, followUpNeeded, churned
src/lib/__tests__/analytics-ai-insights.test.ts(546,9): error TS2739: Type '{ source: string; count: number; value: number; }' is missing the following properties from type 'DealsBySource': closedWon, followUpNeeded, churned
src/lib/__tests__/analytics-ai-insights.test.ts(547,9): error TS2739: Type '{ source: string; count: number; value: number; }' is missing the following properties from type 'DealsBySource': closedWon, followUpNeeded, churned
src/lib/__tests__/analytics-ai-insights.test.ts(638,25): error TS2739: Type '{ source: string; count: number; value: number; }' is missing the following properties from type 'DealsBySource': closedWon, followUpNeeded, churned
src/lib/__tests__/analytics-ai-insights.test.ts(701,11): error TS2739: Type '{ source: string; count: number; value: number; }' is missing the following properties from type 'DealsBySource': closedWon, followUpNeeded, churned
src/lib/__tests__/analytics-ai-insights.test.ts(702,11): error TS2739: Type '{ source: string; count: number; value: number; }' is missing the following properties from type 'DealsBySource': closedWon, followUpNeeded, churned
src/lib/__tests__/analytics-customer-journey.test.ts(43,25): error TS2739: Type '{ source: string; count: number; value: number; }' is missing the following properties from type 'DealsBySource': closedWon, followUpNeeded, churned
src/lib/__tests__/analytics-customer-journey.test.ts(51,9): error TS2741: Property 'repName' is missing in type '{ dealId: string; dealName: string; stageId: string; stageLabel: string; amount: number; source: string; ownerId: string; createdAt: string; updatedAt: string; }' but required in type '{ dealId: string; dealName: string; stageId: string; stageLabel: string; amount: number; source: string; ownerId: string | null; repName: string; updatedAt: string | null; createdAt: string | null; stripeCustomerId?: string | ... 1 more ... | undefined; }'.
src/lib/__tests__/analytics-customer-journey.test.ts(62,9): error TS2741: Property 'repName' is missing in type '{ dealId: string; dealName: string; stageId: string; stageLabel: string; amount: number; source: string; ownerId: string; createdAt: string; updatedAt: string; }' but required in type '{ dealId: string; dealName: string; stageId: string; stageLabel: string; amount: number; source: string; ownerId: string | null; repName: string; updatedAt: string | null; createdAt: string | null; stripeCustomerId?: string | ... 1 more ... | undefined; }'.
src/lib/__tests__/analytics-demo-analytics.test.ts(43,25): error TS2739: Type '{ source: string; count: number; value: number; }' is missing the following properties from type 'DealsBySource': closedWon, followUpNeeded, churned
src/lib/__tests__/analytics-demo-analytics.test.ts(51,9): error TS2741: Property 'repName' is missing in type '{ dealId: string; dealName: string; stageId: string; stageLabel: string; amount: number; source: string; ownerId: string; updatedAt: string; createdAt: string; }' but required in type '{ dealId: string; dealName: string; stageId: string; stageLabel: string; amount: number; source: string; ownerId: string | null; repName: string; updatedAt: string | null; createdAt: string | null; stripeCustomerId?: string | ... 1 more ... | undefined; }'.
src/lib/__tests__/analytics-demo-analytics.test.ts(62,9): error TS2741: Property 'repName' is missing in type '{ dealId: string; dealName: string; stageId: string; stageLabel: string; amount: number; source: string; ownerId: string; updatedAt: string; createdAt: string; }' but required in type '{ dealId: string; dealName: string; stageId: string; stageLabel: string; amount: number; source: string; ownerId: string | null; repName: string; updatedAt: string | null; createdAt: string | null; stripeCustomerId?: string | ... 1 more ... | undefined; }'.
src/lib/__tests__/analytics-demo-analytics.test.ts(73,9): error TS2741: Property 'repName' is missing in type '{ dealId: string; dealName: string; stageId: string; stageLabel: string; amount: number; source: string; ownerId: string; updatedAt: string; createdAt: string; }' but required in type '{ dealId: string; dealName: string; stageId: string; stageLabel: string; amount: number; source: string; ownerId: string | null; repName: string; updatedAt: string | null; createdAt: string | null; stripeCustomerId?: string | ... 1 more ... | undefined; }'.
src/lib/__tests__/analytics-demo-analytics.test.ts(101,7): error TS2741: Property 'dealsByRep' is missing in type '{ totalDeals: number; closedWon: number; closedLost: number; unlikely: number; churn: number; activeSubscriptions: number; noShows: number; demoScheduled: number; demoFollowUp: number; avgDealSize: number; ... 4 more ...; dealsBySource: never[]; }' but required in type 'FunnelMetrics'.
src/lib/__tests__/analytics-demo-analytics.test.ts(121,9): error TS2741: Property 'repName' is missing in type '{ dealId: string; dealName: string; stageId: string; stageLabel: string; amount: number; source: string; ownerId: null; updatedAt: string; createdAt: string; }' but required in type '{ dealId: string; dealName: string; stageId: string; stageLabel: string; amount: number; source: string; ownerId: string | null; repName: string; updatedAt: string | null; createdAt: string | null; stripeCustomerId?: string | ... 1 more ... | undefined; }'.
src/lib/__tests__/analytics-demo-analytics.test.ts(122,9): error TS2741: Property 'repName' is missing in type '{ dealId: string; dealName: string; stageId: string; stageLabel: string; amount: number; source: string; ownerId: null; updatedAt: string; createdAt: string; }' but required in type '{ dealId: string; dealName: string; stageId: string; stageLabel: string; amount: number; source: string; ownerId: string | null; repName: string; updatedAt: string | null; createdAt: string | null; stripeCustomerId?: string | ... 1 more ... | undefined; }'.
src/lib/__tests__/analytics-demo-analytics.test.ts(123,9): error TS2741: Property 'repName' is missing in type '{ dealId: string; dealName: string; stageId: string; stageLabel: string; amount: number; source: string; ownerId: null; updatedAt: string; createdAt: string; }' but required in type '{ dealId: string; dealName: string; stageId: string; stageLabel: string; amount: number; source: string; ownerId: string | null; repName: string; updatedAt: string | null; createdAt: string | null; stripeCustomerId?: string | ... 1 more ... | undefined; }'.
src/lib/__tests__/analytics-demo-analytics.test.ts(124,9): error TS2741: Property 'repName' is missing in type '{ dealId: string; dealName: string; stageId: string; stageLabel: string; amount: number; source: string; ownerId: null; updatedAt: string; createdAt: string; }' but required in type '{ dealId: string; dealName: string; stageId: string; stageLabel: string; amount: number; source: string; ownerId: string | null; repName: string; updatedAt: string | null; createdAt: string | null; stripeCustomerId?: string | ... 1 more ... | undefined; }'.
src/lib/__tests__/analytics-demo-analytics.test.ts(126,9): error TS2741: Property 'repName' is missing in type '{ dealId: string; dealName: string; stageId: string; stageLabel: string; amount: number; source: string; ownerId: null; updatedAt: string; createdAt: string; }' but required in type '{ dealId: string; dealName: string; stageId: string; stageLabel: string; amount: number; source: string; ownerId: string | null; repName: string; updatedAt: string | null; createdAt: string | null; stripeCustomerId?: string | ... 1 more ... | undefined; }'.
src/lib/__tests__/analytics-demo-analytics.test.ts(127,9): error TS2741: Property 'repName' is missing in type '{ dealId: string; dealName: string; stageId: string; stageLabel: string; amount: number; source: string; ownerId: null; updatedAt: string; createdAt: string; }' but required in type '{ dealId: string; dealName: string; stageId: string; stageLabel: string; amount: number; source: string; ownerId: string | null; repName: string; updatedAt: string | null; createdAt: string | null; stripeCustomerId?: string | ... 1 more ... | undefined; }'.
src/lib/__tests__/analytics-demo-analytics.test.ts(128,9): error TS2741: Property 'repName' is missing in type '{ dealId: string; dealName: string; stageId: string; stageLabel: string; amount: number; source: string; ownerId: null; updatedAt: string; createdAt: string; }' but required in type '{ dealId: string; dealName: string; stageId: string; stageLabel: string; amount: number; source: string; ownerId: string | null; repName: string; updatedAt: string | null; createdAt: string | null; stripeCustomerId?: string | ... 1 more ... | undefined; }'.
src/lib/__tests__/analytics-demo-analytics.test.ts(166,7): error TS2741: Property 'dealsByRep' is missing in type '{ totalDeals: number; closedWon: number; closedLost: number; unlikely: number; churn: number; activeSubscriptions: number; noShows: number; demoScheduled: number; demoFollowUp: number; avgDealSize: number; ... 4 more ...; dealsBySource: never[]; }' but required in type 'FunnelMetrics'.
src/lib/__tests__/analytics-demo-analytics.test.ts(174,9): error TS2741: Property 'repName' is missing in type '{ dealId: string; dealName: string; stageId: string; stageLabel: string; amount: number; source: string; ownerId: null; updatedAt: string; createdAt: string; }' but required in type '{ dealId: string; dealName: string; stageId: string; stageLabel: string; amount: number; source: string; ownerId: string | null; repName: string; updatedAt: string | null; createdAt: string | null; stripeCustomerId?: string | ... 1 more ... | undefined; }'.
src/lib/__tests__/analytics-demo-analytics.test.ts(175,9): error TS2741: Property 'repName' is missing in type '{ dealId: string; dealName: string; stageId: string; stageLabel: string; amount: number; source: string; ownerId: null; updatedAt: string; createdAt: string; }' but required in type '{ dealId: string; dealName: string; stageId: string; stageLabel: string; amount: number; source: string; ownerId: string | null; repName: string; updatedAt: string | null; createdAt: string | null; stripeCustomerId?: string | ... 1 more ... | undefined; }'.
src/lib/__tests__/analytics-funnel-lifecycle.test.ts(6,3): error TS2741: Property 'instagram' is missing in type '{ hubspot: null; stripe: null; mercury: null; googleAnalytics: null; googleAds: null; metaAds: null; metaPage: null; redditAds: null; webflow: null; coda: null; semrush: null; pylon: null; product: null; ... 18 more ...; errors: never[]; }' but required in type 'AnalyticsDashboardData'.
src/lib/__tests__/analytics-funnel-lifecycle.test.ts(110,7): error TS2741: Property 'dealsByRep' is missing in type '{ totalDeals: number; closedWon: number; closedLost: number; unlikely: number; churn: number; activeSubscriptions: number; noShows: number; demoScheduled: number; demoFollowUp: number; avgDealSize: number; ... 4 more ...; dealsBySource: never[]; }' but required in type 'FunnelMetrics'.
src/lib/__tests__/analytics-process-analytics.test.ts(46,25): error TS2739: Type '{ source: string; count: number; value: number; }' is missing the following properties from type 'DealsBySource': closedWon, followUpNeeded, churned
src/lib/__tests__/analytics-process-analytics.test.ts(54,9): error TS2741: Property 'repName' is missing in type '{ dealId: string; dealName: string; stageId: string; stageLabel: string; amount: number; source: string; ownerId: string; createdAt: string; updatedAt: string; }' but required in type '{ dealId: string; dealName: string; stageId: string; stageLabel: string; amount: number; source: string; ownerId: string | null; repName: string; updatedAt: string | null; createdAt: string | null; stripeCustomerId?: string | ... 1 more ... | undefined; }'.
src/lib/__tests__/analytics-process-analytics.test.ts(65,9): error TS2741: Property 'repName' is missing in type '{ dealId: string; dealName: string; stageId: string; stageLabel: string; amount: number; source: string; ownerId: string; createdAt: string; updatedAt: string; }' but required in type '{ dealId: string; dealName: string; stageId: string; stageLabel: string; amount: number; source: string; ownerId: string | null; repName: string; updatedAt: string | null; createdAt: string | null; stripeCustomerId?: string | ... 1 more ... | undefined; }'.
src/lib/__tests__/finance-modeling.test.ts(92,9): error TS2739: Type '{ source: string; count: number; value: number; }' is missing the following properties from type 'DealsBySource': closedWon, followUpNeeded, churned
src/lib/__tests__/finance-modeling.test.ts(93,9): error TS2739: Type '{ source: string; count: number; value: number; }' is missing the following properties from type 'DealsBySource': closedWon, followUpNeeded, churned
src/lib/__tests__/finance-modeling.test.ts(624,27): error TS2739: Type '{ source: string; count: number; value: number; }' is missing the following properties from type 'DealsBySource': closedWon, followUpNeeded, churned
src/lib/__tests__/unit-economics.test.ts(69,5): error TS2741: Property 'dealsByRep' is missing in type '{ totalDeals: number; closedWon: number; closedLost: number; unlikely: number; churn: number; activeSubscriptions: number; noShows: number; demoScheduled: number; demoFollowUp: number; avgDealSize: number; ... 4 more ...; dealsBySource: never[]; }' but required in type 'FunnelMetrics'.
src/lib/analytics/credentials.ts(719,9): error TS2741: Property 'SEMRUSH' is missing in type '{ [IntegrationProvider.GOOGLE_ANALYTICS]: ProviderFreshnessSnapshot; GOOGLE_WORKSPACE: ProviderFreshnessSnapshot; HUBSPOT: ProviderFreshnessSnapshot; ... 9 more ...; PYLON: ProviderFreshnessSnapshot; }' but required in type 'Record<IntegrationProvider, ProviderFreshnessSnapshot>'.
src/lib/analytics/credentials.ts(771,26): error TS2339: Property 'GOOGLE_ANALYTICS' does not exist on type '{ readonly GOOGLE_WORKSPACE: "GOOGLE_WORKSPACE"; readonly HUBSPOT: "HUBSPOT"; readonly SLACK: "SLACK"; readonly CODA: "CODA"; readonly REDDIT: "REDDIT"; readonly STRIPE: "STRIPE"; readonly MERCURY: "MERCURY"; ... 5 more ...; readonly PYLON: "PYLON"; }'.
src/lib/analytics/credentials.ts(772,27): error TS2339: Property 'GOOGLE_ANALYTICS' does not exist on type '{ readonly GOOGLE_WORKSPACE: "GOOGLE_WORKSPACE"; readonly HUBSPOT: "HUBSPOT"; readonly SLACK: "SLACK"; readonly CODA: "CODA"; readonly REDDIT: "REDDIT"; readonly STRIPE: "STRIPE"; readonly MERCURY: "MERCURY"; ... 5 more ...; readonly PYLON: "PYLON"; }'.
src/lib/analytics/refresh-runner.ts(124,52): error TS2554: Expected 3 arguments, but got 1.
src/lib/analytics/refresh-runner.ts(127,51): error TS2554: Expected 3 arguments, but got 1.
src/lib/analytics/refresh-runner.ts(130,52): error TS2554: Expected 3 arguments, but got 1.
src/lib/integrations/provider-metrics-sync.ts(423,12): error TS2554: Expected 3 arguments, but got 1.
src/lib/integrations/provider-metrics-sync.ts(430,12): error TS2554: Expected 3 arguments, but got 1.
test-pylon.ts(1,16): error TS2451: Cannot redeclare block-scoped variable 'test'.
trigger-refresh.ts(1,95): error TS2559: Type 'true' has no properties in common with type '{ userIds?: string[] | undefined; rangePresets?: ("7d" | "30d" | "90d")[] | undefined; }'.
